// Jest Snapshot v1, https://goo.gl/fbAQLP

exports[`maches snapshot 1`] = `
ShallowWrapper {
  "length": 1,
  Symbol(enzyme.__root__): [Circular],
  Symbol(enzyme.__unrendered__): <HotworkForm />,
  Symbol(enzyme.__renderer__): Object {
    "batchedUpdates": [Function],
    "getNode": [Function],
    "render": [Function],
    "simulateEvent": [Function],
    "unmount": [Function],
  },
  Symbol(enzyme.__node__): Object {
    "instance": null,
    "key": undefined,
    "nodeType": "class",
    "props": Object {
      "children": <View
        style={
          Object {
            "margin": 40,
          }
        }
      >
        <Text
          accessible={true}
          allowFontScaling={true}
          ellipsizeMode="tail"
          style={
            Object {
              "fontSize": 36,
              "marginBottom": 15,
              "marginTop": 15,
              "textAlign": "center",
            }
          }
        >
          Hotwork Permit
        </Text>
        <Button
          onPress={[Function]}
          style={
            Object {
              "alignItems": "flex-start",
            }
          }
          title="Go Back"
        />
        <Text
          accessible={true}
          allowFontScaling={true}
          ellipsizeMode="tail"
        >
          Employee Name
        </Text>
        <TextInput
          allowFontScaling={true}
          autoCorrect={false}
          style={
            Object {
              "borderColor": "black",
              "borderWidth": 1,
              "height": 40,
              "marginBottom": 10,
              "marginTop": 5,
            }
          }
          value={undefined}
        />
        <Text
          accessible={true}
          allowFontScaling={true}
          ellipsizeMode="tail"
        >
          Email
        </Text>
        <TextInput
          allowFontScaling={true}
          autoCorrect={false}
          style={
            Object {
              "borderColor": "black",
              "borderWidth": 1,
              "height": 40,
              "marginBottom": 10,
              "marginTop": 5,
            }
          }
          value={undefined}
        />
        <Text
          accessible={true}
          allowFontScaling={true}
          ellipsizeMode="tail"
        >
          Project ID
        </Text>
        <TextInput
          allowFontScaling={true}
          autoCorrect={false}
          onChangeText={[Function]}
          style={
            Object {
              "borderColor": "black",
              "borderWidth": 1,
              "height": 40,
              "marginBottom": 10,
              "marginTop": 5,
            }
          }
        />
        <Text
          accessible={true}
          allowFontScaling={true}
          ellipsizeMode="tail"
        >
          Company
        </Text>
        <TextInput
          allowFontScaling={true}
          autoCorrect={false}
          onChangeText={[Function]}
          style={
            Object {
              "borderColor": "black",
              "borderWidth": 1,
              "height": 40,
              "marginBottom": 10,
              "marginTop": 5,
            }
          }
        />
        <Text
          accessible={true}
          allowFontScaling={true}
          ellipsizeMode="tail"
          style={
            Object {
              "marginTop": 20,
            }
          }
        >
          Date
        </Text>
        <DatePickerIOS
          date=""
          mode="datetime"
          onDateChange={[Function]}
        />
        <Text
          accessible={true}
          allowFontScaling={true}
          ellipsizeMode="tail"
          style={
            Object {
              "marginTop": 10,
            }
          }
        >
          Fire Watch Requirement
        </Text>
        <TextInput
          allowFontScaling={true}
          autoCorrect={false}
          onChangeText={[Function]}
          style={
            Object {
              "borderColor": "black",
              "borderWidth": 1,
              "height": 40,
              "marginBottom": 10,
              "marginTop": 5,
            }
          }
        />
        <CheckBox
          checked={null}
          checkedImage={
            Object {
              "testUri": "../../react-native-checkbox/cb_enabled.png",
            }
          }
          containerStyle={
            Object {
              "marginTop": 10,
            }
          }
          label="Area Inspected"
          labelBefore={false}
          labelLines={1}
          labelStyle={
            Object {
              "color": "black",
            }
          }
          onChange={[Function]}
          uncheckedImage={
            Object {
              "testUri": "../../react-native-checkbox/cb_disabled.png",
            }
          }
          underlayColor="transparent"
        />
        <CheckBox
          checked={null}
          checkedImage={
            Object {
              "testUri": "../../react-native-checkbox/cb_enabled.png",
            }
          }
          containerStyle={
            Object {
              "marginTop": 10,
            }
          }
          label="Fire Extinguisher Present"
          labelBefore={false}
          labelLines={1}
          labelStyle={
            Object {
              "color": "black",
            }
          }
          onChange={[Function]}
          uncheckedImage={
            Object {
              "testUri": "../../react-native-checkbox/cb_disabled.png",
            }
          }
          underlayColor="transparent"
        />
        <CheckBox
          checked={null}
          checkedImage={
            Object {
              "testUri": "../../react-native-checkbox/cb_enabled.png",
            }
          }
          containerStyle={
            Object {
              "marginTop": 10,
            }
          }
          label="All flammables and combustibles removed from the area"
          labelBefore={false}
          labelLines={2}
          labelStyle={
            Object {
              "color": "black",
            }
          }
          onChange={[Function]}
          uncheckedImage={
            Object {
              "testUri": "../../react-native-checkbox/cb_disabled.png",
            }
          }
          underlayColor="transparent"
        />
        <CheckBox
          checked={null}
          checkedImage={
            Object {
              "testUri": "../../react-native-checkbox/cb_enabled.png",
            }
          }
          containerStyle={
            Object {
              "marginTop": 10,
            }
          }
          label="Smoke Detectors in area are disabled"
          labelBefore={false}
          labelLines={1}
          labelStyle={
            Object {
              "color": "black",
            }
          }
          onChange={[Function]}
          uncheckedImage={
            Object {
              "testUri": "../../react-native-checkbox/cb_disabled.png",
            }
          }
          underlayColor="transparent"
        />
        <CheckBox
          checked={null}
          checkedImage={
            Object {
              "testUri": "../../react-native-checkbox/cb_enabled.png",
            }
          }
          containerStyle={
            Object {
              "marginBottom": 10,
              "marginTop": 10,
            }
          }
          label="Sprinkler heads in area are protected"
          labelBefore={false}
          labelLines={1}
          labelStyle={
            Object {
              "color": "black",
            }
          }
          onChange={[Function]}
          uncheckedImage={
            Object {
              "testUri": "../../react-native-checkbox/cb_disabled.png",
            }
          }
          underlayColor="transparent"
        />
        <Text
          accessible={true}
          allowFontScaling={true}
          ellipsizeMode="tail"
          style={
            Object {
              "fontSize": 16,
              "marginBottom": 5,
              "marginTop": 15,
              "textAlign": "center",
            }
          }
        >
          Sign Below
        </Text>
        <SignaturePad
          onChange={[Function]}
          onError={[Function]}
          style={
            Object {
              "backgroundColor": "white",
              "flex": 1,
              "height": 150,
            }
          }
        />
        <View />
      </View>,
      "style": Object {
        "backgroundColor": "#E8C712",
        "flex": 1,
      },
    },
    "ref": null,
    "rendered": Object {
      "instance": null,
      "key": undefined,
      "nodeType": "class",
      "props": Object {
        "children": Array [
          <Text
            accessible={true}
            allowFontScaling={true}
            ellipsizeMode="tail"
            style={
              Object {
                "fontSize": 36,
                "marginBottom": 15,
                "marginTop": 15,
                "textAlign": "center",
              }
            }
          >
            Hotwork Permit
          </Text>,
          <Button
            onPress={[Function]}
            style={
              Object {
                "alignItems": "flex-start",
              }
            }
            title="Go Back"
          />,
          <Text
            accessible={true}
            allowFontScaling={true}
            ellipsizeMode="tail"
          >
            Employee Name
          </Text>,
          <TextInput
            allowFontScaling={true}
            autoCorrect={false}
            style={
              Object {
                "borderColor": "black",
                "borderWidth": 1,
                "height": 40,
                "marginBottom": 10,
                "marginTop": 5,
              }
            }
            value={undefined}
          />,
          <Text
            accessible={true}
            allowFontScaling={true}
            ellipsizeMode="tail"
          >
            Email
          </Text>,
          <TextInput
            allowFontScaling={true}
            autoCorrect={false}
            style={
              Object {
                "borderColor": "black",
                "borderWidth": 1,
                "height": 40,
                "marginBottom": 10,
                "marginTop": 5,
              }
            }
            value={undefined}
          />,
          <Text
            accessible={true}
            allowFontScaling={true}
            ellipsizeMode="tail"
          >
            Project ID
          </Text>,
          <TextInput
            allowFontScaling={true}
            autoCorrect={false}
            onChangeText={[Function]}
            style={
              Object {
                "borderColor": "black",
                "borderWidth": 1,
                "height": 40,
                "marginBottom": 10,
                "marginTop": 5,
              }
            }
          />,
          <Text
            accessible={true}
            allowFontScaling={true}
            ellipsizeMode="tail"
          >
            Company
          </Text>,
          <TextInput
            allowFontScaling={true}
            autoCorrect={false}
            onChangeText={[Function]}
            style={
              Object {
                "borderColor": "black",
                "borderWidth": 1,
                "height": 40,
                "marginBottom": 10,
                "marginTop": 5,
              }
            }
          />,
          <Text
            accessible={true}
            allowFontScaling={true}
            ellipsizeMode="tail"
            style={
              Object {
                "marginTop": 20,
              }
            }
          >
            Date
          </Text>,
          <DatePickerIOS
            date=""
            mode="datetime"
            onDateChange={[Function]}
          />,
          <Text
            accessible={true}
            allowFontScaling={true}
            ellipsizeMode="tail"
            style={
              Object {
                "marginTop": 10,
              }
            }
          >
            Fire Watch Requirement
          </Text>,
          <TextInput
            allowFontScaling={true}
            autoCorrect={false}
            onChangeText={[Function]}
            style={
              Object {
                "borderColor": "black",
                "borderWidth": 1,
                "height": 40,
                "marginBottom": 10,
                "marginTop": 5,
              }
            }
          />,
          <CheckBox
            checked={null}
            checkedImage={
              Object {
                "testUri": "../../react-native-checkbox/cb_enabled.png",
              }
            }
            containerStyle={
              Object {
                "marginTop": 10,
              }
            }
            label="Area Inspected"
            labelBefore={false}
            labelLines={1}
            labelStyle={
              Object {
                "color": "black",
              }
            }
            onChange={[Function]}
            uncheckedImage={
              Object {
                "testUri": "../../react-native-checkbox/cb_disabled.png",
              }
            }
            underlayColor="transparent"
          />,
          <CheckBox
            checked={null}
            checkedImage={
              Object {
                "testUri": "../../react-native-checkbox/cb_enabled.png",
              }
            }
            containerStyle={
              Object {
                "marginTop": 10,
              }
            }
            label="Fire Extinguisher Present"
            labelBefore={false}
            labelLines={1}
            labelStyle={
              Object {
                "color": "black",
              }
            }
            onChange={[Function]}
            uncheckedImage={
              Object {
                "testUri": "../../react-native-checkbox/cb_disabled.png",
              }
            }
            underlayColor="transparent"
          />,
          <CheckBox
            checked={null}
            checkedImage={
              Object {
                "testUri": "../../react-native-checkbox/cb_enabled.png",
              }
            }
            containerStyle={
              Object {
                "marginTop": 10,
              }
            }
            label="All flammables and combustibles removed from the area"
            labelBefore={false}
            labelLines={2}
            labelStyle={
              Object {
                "color": "black",
              }
            }
            onChange={[Function]}
            uncheckedImage={
              Object {
                "testUri": "../../react-native-checkbox/cb_disabled.png",
              }
            }
            underlayColor="transparent"
          />,
          <CheckBox
            checked={null}
            checkedImage={
              Object {
                "testUri": "../../react-native-checkbox/cb_enabled.png",
              }
            }
            containerStyle={
              Object {
                "marginTop": 10,
              }
            }
            label="Smoke Detectors in area are disabled"
            labelBefore={false}
            labelLines={1}
            labelStyle={
              Object {
                "color": "black",
              }
            }
            onChange={[Function]}
            uncheckedImage={
              Object {
                "testUri": "../../react-native-checkbox/cb_disabled.png",
              }
            }
            underlayColor="transparent"
          />,
          <CheckBox
            checked={null}
            checkedImage={
              Object {
                "testUri": "../../react-native-checkbox/cb_enabled.png",
              }
            }
            containerStyle={
              Object {
                "marginBottom": 10,
                "marginTop": 10,
              }
            }
            label="Sprinkler heads in area are protected"
            labelBefore={false}
            labelLines={1}
            labelStyle={
              Object {
                "color": "black",
              }
            }
            onChange={[Function]}
            uncheckedImage={
              Object {
                "testUri": "../../react-native-checkbox/cb_disabled.png",
              }
            }
            underlayColor="transparent"
          />,
          <Text
            accessible={true}
            allowFontScaling={true}
            ellipsizeMode="tail"
            style={
              Object {
                "fontSize": 16,
                "marginBottom": 5,
                "marginTop": 15,
                "textAlign": "center",
              }
            }
          >
            Sign Below
          </Text>,
          <SignaturePad
            onChange={[Function]}
            onError={[Function]}
            style={
              Object {
                "backgroundColor": "white",
                "flex": 1,
                "height": 150,
              }
            }
          />,
          <View />,
        ],
        "style": Object {
          "margin": 40,
        },
      },
      "ref": null,
      "rendered": Array [
        Object {
          "instance": null,
          "key": undefined,
          "nodeType": "class",
          "props": Object {
            "accessible": true,
            "allowFontScaling": true,
            "children": "Hotwork Permit",
            "ellipsizeMode": "tail",
            "style": Object {
              "fontSize": 36,
              "marginBottom": 15,
              "marginTop": 15,
              "textAlign": "center",
            },
          },
          "ref": null,
          "rendered": "Hotwork Permit",
          "type": [Function],
        },
        Object {
          "instance": null,
          "key": undefined,
          "nodeType": "class",
          "props": Object {
            "onPress": [Function],
            "style": Object {
              "alignItems": "flex-start",
            },
            "title": "Go Back",
          },
          "ref": null,
          "rendered": null,
          "type": [Function],
        },
        Object {
          "instance": null,
          "key": undefined,
          "nodeType": "class",
          "props": Object {
            "accessible": true,
            "allowFontScaling": true,
            "children": "Employee Name",
            "ellipsizeMode": "tail",
          },
          "ref": null,
          "rendered": "Employee Name",
          "type": [Function],
        },
        Object {
          "instance": null,
          "key": undefined,
          "nodeType": "class",
          "props": Object {
            "allowFontScaling": true,
            "autoCorrect": false,
            "style": Object {
              "borderColor": "black",
              "borderWidth": 1,
              "height": 40,
              "marginBottom": 10,
              "marginTop": 5,
            },
            "value": undefined,
          },
          "ref": null,
          "rendered": null,
          "type": [Function],
        },
        Object {
          "instance": null,
          "key": undefined,
          "nodeType": "class",
          "props": Object {
            "accessible": true,
            "allowFontScaling": true,
            "children": "Email",
            "ellipsizeMode": "tail",
          },
          "ref": null,
          "rendered": "Email",
          "type": [Function],
        },
        Object {
          "instance": null,
          "key": undefined,
          "nodeType": "class",
          "props": Object {
            "allowFontScaling": true,
            "autoCorrect": false,
            "style": Object {
              "borderColor": "black",
              "borderWidth": 1,
              "height": 40,
              "marginBottom": 10,
              "marginTop": 5,
            },
            "value": undefined,
          },
          "ref": null,
          "rendered": null,
          "type": [Function],
        },
        Object {
          "instance": null,
          "key": undefined,
          "nodeType": "class",
          "props": Object {
            "accessible": true,
            "allowFontScaling": true,
            "children": "Project ID",
            "ellipsizeMode": "tail",
          },
          "ref": null,
          "rendered": "Project ID",
          "type": [Function],
        },
        Object {
          "instance": null,
          "key": undefined,
          "nodeType": "class",
          "props": Object {
            "allowFontScaling": true,
            "autoCorrect": false,
            "onChangeText": [Function],
            "style": Object {
              "borderColor": "black",
              "borderWidth": 1,
              "height": 40,
              "marginBottom": 10,
              "marginTop": 5,
            },
          },
          "ref": null,
          "rendered": null,
          "type": [Function],
        },
        Object {
          "instance": null,
          "key": undefined,
          "nodeType": "class",
          "props": Object {
            "accessible": true,
            "allowFontScaling": true,
            "children": "Company",
            "ellipsizeMode": "tail",
          },
          "ref": null,
          "rendered": "Company",
          "type": [Function],
        },
        Object {
          "instance": null,
          "key": undefined,
          "nodeType": "class",
          "props": Object {
            "allowFontScaling": true,
            "autoCorrect": false,
            "onChangeText": [Function],
            "style": Object {
              "borderColor": "black",
              "borderWidth": 1,
              "height": 40,
              "marginBottom": 10,
              "marginTop": 5,
            },
          },
          "ref": null,
          "rendered": null,
          "type": [Function],
        },
        Object {
          "instance": null,
          "key": undefined,
          "nodeType": "class",
          "props": Object {
            "accessible": true,
            "allowFontScaling": true,
            "children": "Date",
            "ellipsizeMode": "tail",
            "style": Object {
              "marginTop": 20,
            },
          },
          "ref": null,
          "rendered": "Date",
          "type": [Function],
        },
        Object {
          "instance": null,
          "key": undefined,
          "nodeType": "class",
          "props": Object {
            "date": "",
            "mode": "datetime",
            "onDateChange": [Function],
          },
          "ref": null,
          "rendered": null,
          "type": [Function],
        },
        Object {
          "instance": null,
          "key": undefined,
          "nodeType": "class",
          "props": Object {
            "accessible": true,
            "allowFontScaling": true,
            "children": "Fire Watch Requirement",
            "ellipsizeMode": "tail",
            "style": Object {
              "marginTop": 10,
            },
          },
          "ref": null,
          "rendered": "Fire Watch Requirement",
          "type": [Function],
        },
        Object {
          "instance": null,
          "key": undefined,
          "nodeType": "class",
          "props": Object {
            "allowFontScaling": true,
            "autoCorrect": false,
            "onChangeText": [Function],
            "style": Object {
              "borderColor": "black",
              "borderWidth": 1,
              "height": 40,
              "marginBottom": 10,
              "marginTop": 5,
            },
          },
          "ref": null,
          "rendered": null,
          "type": [Function],
        },
        Object {
          "instance": null,
          "key": undefined,
          "nodeType": "class",
          "props": Object {
            "checked": null,
            "checkedImage": Object {
              "testUri": "../../react-native-checkbox/cb_enabled.png",
            },
            "containerStyle": Object {
              "marginTop": 10,
            },
            "label": "Area Inspected",
            "labelBefore": false,
            "labelLines": 1,
            "labelStyle": Object {
              "color": "black",
            },
            "onChange": [Function],
            "uncheckedImage": Object {
              "testUri": "../../react-native-checkbox/cb_disabled.png",
            },
            "underlayColor": "transparent",
          },
          "ref": null,
          "rendered": null,
          "type": [Function],
        },
        Object {
          "instance": null,
          "key": undefined,
          "nodeType": "class",
          "props": Object {
            "checked": null,
            "checkedImage": Object {
              "testUri": "../../react-native-checkbox/cb_enabled.png",
            },
            "containerStyle": Object {
              "marginTop": 10,
            },
            "label": "Fire Extinguisher Present",
            "labelBefore": false,
            "labelLines": 1,
            "labelStyle": Object {
              "color": "black",
            },
            "onChange": [Function],
            "uncheckedImage": Object {
              "testUri": "../../react-native-checkbox/cb_disabled.png",
            },
            "underlayColor": "transparent",
          },
          "ref": null,
          "rendered": null,
          "type": [Function],
        },
        Object {
          "instance": null,
          "key": undefined,
          "nodeType": "class",
          "props": Object {
            "checked": null,
            "checkedImage": Object {
              "testUri": "../../react-native-checkbox/cb_enabled.png",
            },
            "containerStyle": Object {
              "marginTop": 10,
            },
            "label": "All flammables and combustibles removed from the area",
            "labelBefore": false,
            "labelLines": 2,
            "labelStyle": Object {
              "color": "black",
            },
            "onChange": [Function],
            "uncheckedImage": Object {
              "testUri": "../../react-native-checkbox/cb_disabled.png",
            },
            "underlayColor": "transparent",
          },
          "ref": null,
          "rendered": null,
          "type": [Function],
        },
        Object {
          "instance": null,
          "key": undefined,
          "nodeType": "class",
          "props": Object {
            "checked": null,
            "checkedImage": Object {
              "testUri": "../../react-native-checkbox/cb_enabled.png",
            },
            "containerStyle": Object {
              "marginTop": 10,
            },
            "label": "Smoke Detectors in area are disabled",
            "labelBefore": false,
            "labelLines": 1,
            "labelStyle": Object {
              "color": "black",
            },
            "onChange": [Function],
            "uncheckedImage": Object {
              "testUri": "../../react-native-checkbox/cb_disabled.png",
            },
            "underlayColor": "transparent",
          },
          "ref": null,
          "rendered": null,
          "type": [Function],
        },
        Object {
          "instance": null,
          "key": undefined,
          "nodeType": "class",
          "props": Object {
            "checked": null,
            "checkedImage": Object {
              "testUri": "../../react-native-checkbox/cb_enabled.png",
            },
            "containerStyle": Object {
              "marginBottom": 10,
              "marginTop": 10,
            },
            "label": "Sprinkler heads in area are protected",
            "labelBefore": false,
            "labelLines": 1,
            "labelStyle": Object {
              "color": "black",
            },
            "onChange": [Function],
            "uncheckedImage": Object {
              "testUri": "../../react-native-checkbox/cb_disabled.png",
            },
            "underlayColor": "transparent",
          },
          "ref": null,
          "rendered": null,
          "type": [Function],
        },
        Object {
          "instance": null,
          "key": undefined,
          "nodeType": "class",
          "props": Object {
            "accessible": true,
            "allowFontScaling": true,
            "children": "Sign Below",
            "ellipsizeMode": "tail",
            "style": Object {
              "fontSize": 16,
              "marginBottom": 5,
              "marginTop": 15,
              "textAlign": "center",
            },
          },
          "ref": null,
          "rendered": "Sign Below",
          "type": [Function],
        },
        Object {
          "instance": null,
          "key": undefined,
          "nodeType": "class",
          "props": Object {
            "onChange": [Function],
            "onError": [Function],
            "style": Object {
              "backgroundColor": "white",
              "flex": 1,
              "height": 150,
            },
          },
          "ref": null,
          "rendered": null,
          "type": [Function],
        },
        Object {
          "instance": null,
          "key": undefined,
          "nodeType": "class",
          "props": Object {
            "children": undefined,
          },
          "ref": null,
          "rendered": null,
          "type": [Function],
        },
      ],
      "type": [Function],
    },
    "type": [Function],
  },
  Symbol(enzyme.__nodes__): Array [
    Object {
      "instance": null,
      "key": undefined,
      "nodeType": "class",
      "props": Object {
        "children": <View
          style={
            Object {
              "margin": 40,
            }
          }
        >
          <Text
            accessible={true}
            allowFontScaling={true}
            ellipsizeMode="tail"
            style={
              Object {
                "fontSize": 36,
                "marginBottom": 15,
                "marginTop": 15,
                "textAlign": "center",
              }
            }
          >
            Hotwork Permit
          </Text>
          <Button
            onPress={[Function]}
            style={
              Object {
                "alignItems": "flex-start",
              }
            }
            title="Go Back"
          />
          <Text
            accessible={true}
            allowFontScaling={true}
            ellipsizeMode="tail"
          >
            Employee Name
          </Text>
          <TextInput
            allowFontScaling={true}
            autoCorrect={false}
            style={
              Object {
                "borderColor": "black",
                "borderWidth": 1,
                "height": 40,
                "marginBottom": 10,
                "marginTop": 5,
              }
            }
            value={undefined}
          />
          <Text
            accessible={true}
            allowFontScaling={true}
            ellipsizeMode="tail"
          >
            Email
          </Text>
          <TextInput
            allowFontScaling={true}
            autoCorrect={false}
            style={
              Object {
                "borderColor": "black",
                "borderWidth": 1,
                "height": 40,
                "marginBottom": 10,
                "marginTop": 5,
              }
            }
            value={undefined}
          />
          <Text
            accessible={true}
            allowFontScaling={true}
            ellipsizeMode="tail"
          >
            Project ID
          </Text>
          <TextInput
            allowFontScaling={true}
            autoCorrect={false}
            onChangeText={[Function]}
            style={
              Object {
                "borderColor": "black",
                "borderWidth": 1,
                "height": 40,
                "marginBottom": 10,
                "marginTop": 5,
              }
            }
          />
          <Text
            accessible={true}
            allowFontScaling={true}
            ellipsizeMode="tail"
          >
            Company
          </Text>
          <TextInput
            allowFontScaling={true}
            autoCorrect={false}
            onChangeText={[Function]}
            style={
              Object {
                "borderColor": "black",
                "borderWidth": 1,
                "height": 40,
                "marginBottom": 10,
                "marginTop": 5,
              }
            }
          />
          <Text
            accessible={true}
            allowFontScaling={true}
            ellipsizeMode="tail"
            style={
              Object {
                "marginTop": 20,
              }
            }
          >
            Date
          </Text>
          <DatePickerIOS
            date=""
            mode="datetime"
            onDateChange={[Function]}
          />
          <Text
            accessible={true}
            allowFontScaling={true}
            ellipsizeMode="tail"
            style={
              Object {
                "marginTop": 10,
              }
            }
          >
            Fire Watch Requirement
          </Text>
          <TextInput
            allowFontScaling={true}
            autoCorrect={false}
            onChangeText={[Function]}
            style={
              Object {
                "borderColor": "black",
                "borderWidth": 1,
                "height": 40,
                "marginBottom": 10,
                "marginTop": 5,
              }
            }
          />
          <CheckBox
            checked={null}
            checkedImage={
              Object {
                "testUri": "../../react-native-checkbox/cb_enabled.png",
              }
            }
            containerStyle={
              Object {
                "marginTop": 10,
              }
            }
            label="Area Inspected"
            labelBefore={false}
            labelLines={1}
            labelStyle={
              Object {
                "color": "black",
              }
            }
            onChange={[Function]}
            uncheckedImage={
              Object {
                "testUri": "../../react-native-checkbox/cb_disabled.png",
              }
            }
            underlayColor="transparent"
          />
          <CheckBox
            checked={null}
            checkedImage={
              Object {
                "testUri": "../../react-native-checkbox/cb_enabled.png",
              }
            }
            containerStyle={
              Object {
                "marginTop": 10,
              }
            }
            label="Fire Extinguisher Present"
            labelBefore={false}
            labelLines={1}
            labelStyle={
              Object {
                "color": "black",
              }
            }
            onChange={[Function]}
            uncheckedImage={
              Object {
                "testUri": "../../react-native-checkbox/cb_disabled.png",
              }
            }
            underlayColor="transparent"
          />
          <CheckBox
            checked={null}
            checkedImage={
              Object {
                "testUri": "../../react-native-checkbox/cb_enabled.png",
              }
            }
            containerStyle={
              Object {
                "marginTop": 10,
              }
            }
            label="All flammables and combustibles removed from the area"
            labelBefore={false}
            labelLines={2}
            labelStyle={
              Object {
                "color": "black",
              }
            }
            onChange={[Function]}
            uncheckedImage={
              Object {
                "testUri": "../../react-native-checkbox/cb_disabled.png",
              }
            }
            underlayColor="transparent"
          />
          <CheckBox
            checked={null}
            checkedImage={
              Object {
                "testUri": "../../react-native-checkbox/cb_enabled.png",
              }
            }
            containerStyle={
              Object {
                "marginTop": 10,
              }
            }
            label="Smoke Detectors in area are disabled"
            labelBefore={false}
            labelLines={1}
            labelStyle={
              Object {
                "color": "black",
              }
            }
            onChange={[Function]}
            uncheckedImage={
              Object {
                "testUri": "../../react-native-checkbox/cb_disabled.png",
              }
            }
            underlayColor="transparent"
          />
          <CheckBox
            checked={null}
            checkedImage={
              Object {
                "testUri": "../../react-native-checkbox/cb_enabled.png",
              }
            }
            containerStyle={
              Object {
                "marginBottom": 10,
                "marginTop": 10,
              }
            }
            label="Sprinkler heads in area are protected"
            labelBefore={false}
            labelLines={1}
            labelStyle={
              Object {
                "color": "black",
              }
            }
            onChange={[Function]}
            uncheckedImage={
              Object {
                "testUri": "../../react-native-checkbox/cb_disabled.png",
              }
            }
            underlayColor="transparent"
          />
          <Text
            accessible={true}
            allowFontScaling={true}
            ellipsizeMode="tail"
            style={
              Object {
                "fontSize": 16,
                "marginBottom": 5,
                "marginTop": 15,
                "textAlign": "center",
              }
            }
          >
            Sign Below
          </Text>
          <SignaturePad
            onChange={[Function]}
            onError={[Function]}
            style={
              Object {
                "backgroundColor": "white",
                "flex": 1,
                "height": 150,
              }
            }
          />
          <View />
        </View>,
        "style": Object {
          "backgroundColor": "#E8C712",
          "flex": 1,
        },
      },
      "ref": null,
      "rendered": Object {
        "instance": null,
        "key": undefined,
        "nodeType": "class",
        "props": Object {
          "children": Array [
            <Text
              accessible={true}
              allowFontScaling={true}
              ellipsizeMode="tail"
              style={
                Object {
                  "fontSize": 36,
                  "marginBottom": 15,
                  "marginTop": 15,
                  "textAlign": "center",
                }
              }
            >
              Hotwork Permit
            </Text>,
            <Button
              onPress={[Function]}
              style={
                Object {
                  "alignItems": "flex-start",
                }
              }
              title="Go Back"
            />,
            <Text
              accessible={true}
              allowFontScaling={true}
              ellipsizeMode="tail"
            >
              Employee Name
            </Text>,
            <TextInput
              allowFontScaling={true}
              autoCorrect={false}
              style={
                Object {
                  "borderColor": "black",
                  "borderWidth": 1,
                  "height": 40,
                  "marginBottom": 10,
                  "marginTop": 5,
                }
              }
              value={undefined}
            />,
            <Text
              accessible={true}
              allowFontScaling={true}
              ellipsizeMode="tail"
            >
              Email
            </Text>,
            <TextInput
              allowFontScaling={true}
              autoCorrect={false}
              style={
                Object {
                  "borderColor": "black",
                  "borderWidth": 1,
                  "height": 40,
                  "marginBottom": 10,
                  "marginTop": 5,
                }
              }
              value={undefined}
            />,
            <Text
              accessible={true}
              allowFontScaling={true}
              ellipsizeMode="tail"
            >
              Project ID
            </Text>,
            <TextInput
              allowFontScaling={true}
              autoCorrect={false}
              onChangeText={[Function]}
              style={
                Object {
                  "borderColor": "black",
                  "borderWidth": 1,
                  "height": 40,
                  "marginBottom": 10,
                  "marginTop": 5,
                }
              }
            />,
            <Text
              accessible={true}
              allowFontScaling={true}
              ellipsizeMode="tail"
            >
              Company
            </Text>,
            <TextInput
              allowFontScaling={true}
              autoCorrect={false}
              onChangeText={[Function]}
              style={
                Object {
                  "borderColor": "black",
                  "borderWidth": 1,
                  "height": 40,
                  "marginBottom": 10,
                  "marginTop": 5,
                }
              }
            />,
            <Text
              accessible={true}
              allowFontScaling={true}
              ellipsizeMode="tail"
              style={
                Object {
                  "marginTop": 20,
                }
              }
            >
              Date
            </Text>,
            <DatePickerIOS
              date=""
              mode="datetime"
              onDateChange={[Function]}
            />,
            <Text
              accessible={true}
              allowFontScaling={true}
              ellipsizeMode="tail"
              style={
                Object {
                  "marginTop": 10,
                }
              }
            >
              Fire Watch Requirement
            </Text>,
            <TextInput
              allowFontScaling={true}
              autoCorrect={false}
              onChangeText={[Function]}
              style={
                Object {
                  "borderColor": "black",
                  "borderWidth": 1,
                  "height": 40,
                  "marginBottom": 10,
                  "marginTop": 5,
                }
              }
            />,
            <CheckBox
              checked={null}
              checkedImage={
                Object {
                  "testUri": "../../react-native-checkbox/cb_enabled.png",
                }
              }
              containerStyle={
                Object {
                  "marginTop": 10,
                }
              }
              label="Area Inspected"
              labelBefore={false}
              labelLines={1}
              labelStyle={
                Object {
                  "color": "black",
                }
              }
              onChange={[Function]}
              uncheckedImage={
                Object {
                  "testUri": "../../react-native-checkbox/cb_disabled.png",
                }
              }
              underlayColor="transparent"
            />,
            <CheckBox
              checked={null}
              checkedImage={
                Object {
                  "testUri": "../../react-native-checkbox/cb_enabled.png",
                }
              }
              containerStyle={
                Object {
                  "marginTop": 10,
                }
              }
              label="Fire Extinguisher Present"
              labelBefore={false}
              labelLines={1}
              labelStyle={
                Object {
                  "color": "black",
                }
              }
              onChange={[Function]}
              uncheckedImage={
                Object {
                  "testUri": "../../react-native-checkbox/cb_disabled.png",
                }
              }
              underlayColor="transparent"
            />,
            <CheckBox
              checked={null}
              checkedImage={
                Object {
                  "testUri": "../../react-native-checkbox/cb_enabled.png",
                }
              }
              containerStyle={
                Object {
                  "marginTop": 10,
                }
              }
              label="All flammables and combustibles removed from the area"
              labelBefore={false}
              labelLines={2}
              labelStyle={
                Object {
                  "color": "black",
                }
              }
              onChange={[Function]}
              uncheckedImage={
                Object {
                  "testUri": "../../react-native-checkbox/cb_disabled.png",
                }
              }
              underlayColor="transparent"
            />,
            <CheckBox
              checked={null}
              checkedImage={
                Object {
                  "testUri": "../../react-native-checkbox/cb_enabled.png",
                }
              }
              containerStyle={
                Object {
                  "marginTop": 10,
                }
              }
              label="Smoke Detectors in area are disabled"
              labelBefore={false}
              labelLines={1}
              labelStyle={
                Object {
                  "color": "black",
                }
              }
              onChange={[Function]}
              uncheckedImage={
                Object {
                  "testUri": "../../react-native-checkbox/cb_disabled.png",
                }
              }
              underlayColor="transparent"
            />,
            <CheckBox
              checked={null}
              checkedImage={
                Object {
                  "testUri": "../../react-native-checkbox/cb_enabled.png",
                }
              }
              containerStyle={
                Object {
                  "marginBottom": 10,
                  "marginTop": 10,
                }
              }
              label="Sprinkler heads in area are protected"
              labelBefore={false}
              labelLines={1}
              labelStyle={
                Object {
                  "color": "black",
                }
              }
              onChange={[Function]}
              uncheckedImage={
                Object {
                  "testUri": "../../react-native-checkbox/cb_disabled.png",
                }
              }
              underlayColor="transparent"
            />,
            <Text
              accessible={true}
              allowFontScaling={true}
              ellipsizeMode="tail"
              style={
                Object {
                  "fontSize": 16,
                  "marginBottom": 5,
                  "marginTop": 15,
                  "textAlign": "center",
                }
              }
            >
              Sign Below
            </Text>,
            <SignaturePad
              onChange={[Function]}
              onError={[Function]}
              style={
                Object {
                  "backgroundColor": "white",
                  "flex": 1,
                  "height": 150,
                }
              }
            />,
            <View />,
          ],
          "style": Object {
            "margin": 40,
          },
        },
        "ref": null,
        "rendered": Array [
          Object {
            "instance": null,
            "key": undefined,
            "nodeType": "class",
            "props": Object {
              "accessible": true,
              "allowFontScaling": true,
              "children": "Hotwork Permit",
              "ellipsizeMode": "tail",
              "style": Object {
                "fontSize": 36,
                "marginBottom": 15,
                "marginTop": 15,
                "textAlign": "center",
              },
            },
            "ref": null,
            "rendered": "Hotwork Permit",
            "type": [Function],
          },
          Object {
            "instance": null,
            "key": undefined,
            "nodeType": "class",
            "props": Object {
              "onPress": [Function],
              "style": Object {
                "alignItems": "flex-start",
              },
              "title": "Go Back",
            },
            "ref": null,
            "rendered": null,
            "type": [Function],
          },
          Object {
            "instance": null,
            "key": undefined,
            "nodeType": "class",
            "props": Object {
              "accessible": true,
              "allowFontScaling": true,
              "children": "Employee Name",
              "ellipsizeMode": "tail",
            },
            "ref": null,
            "rendered": "Employee Name",
            "type": [Function],
          },
          Object {
            "instance": null,
            "key": undefined,
            "nodeType": "class",
            "props": Object {
              "allowFontScaling": true,
              "autoCorrect": false,
              "style": Object {
                "borderColor": "black",
                "borderWidth": 1,
                "height": 40,
                "marginBottom": 10,
                "marginTop": 5,
              },
              "value": undefined,
            },
            "ref": null,
            "rendered": null,
            "type": [Function],
          },
          Object {
            "instance": null,
            "key": undefined,
            "nodeType": "class",
            "props": Object {
              "accessible": true,
              "allowFontScaling": true,
              "children": "Email",
              "ellipsizeMode": "tail",
            },
            "ref": null,
            "rendered": "Email",
            "type": [Function],
          },
          Object {
            "instance": null,
            "key": undefined,
            "nodeType": "class",
            "props": Object {
              "allowFontScaling": true,
              "autoCorrect": false,
              "style": Object {
                "borderColor": "black",
                "borderWidth": 1,
                "height": 40,
                "marginBottom": 10,
                "marginTop": 5,
              },
              "value": undefined,
            },
            "ref": null,
            "rendered": null,
            "type": [Function],
          },
          Object {
            "instance": null,
            "key": undefined,
            "nodeType": "class",
            "props": Object {
              "accessible": true,
              "allowFontScaling": true,
              "children": "Project ID",
              "ellipsizeMode": "tail",
            },
            "ref": null,
            "rendered": "Project ID",
            "type": [Function],
          },
          Object {
            "instance": null,
            "key": undefined,
            "nodeType": "class",
            "props": Object {
              "allowFontScaling": true,
              "autoCorrect": false,
              "onChangeText": [Function],
              "style": Object {
                "borderColor": "black",
                "borderWidth": 1,
                "height": 40,
                "marginBottom": 10,
                "marginTop": 5,
              },
            },
            "ref": null,
            "rendered": null,
            "type": [Function],
          },
          Object {
            "instance": null,
            "key": undefined,
            "nodeType": "class",
            "props": Object {
              "accessible": true,
              "allowFontScaling": true,
              "children": "Company",
              "ellipsizeMode": "tail",
            },
            "ref": null,
            "rendered": "Company",
            "type": [Function],
          },
          Object {
            "instance": null,
            "key": undefined,
            "nodeType": "class",
            "props": Object {
              "allowFontScaling": true,
              "autoCorrect": false,
              "onChangeText": [Function],
              "style": Object {
                "borderColor": "black",
                "borderWidth": 1,
                "height": 40,
                "marginBottom": 10,
                "marginTop": 5,
              },
            },
            "ref": null,
            "rendered": null,
            "type": [Function],
          },
          Object {
            "instance": null,
            "key": undefined,
            "nodeType": "class",
            "props": Object {
              "accessible": true,
              "allowFontScaling": true,
              "children": "Date",
              "ellipsizeMode": "tail",
              "style": Object {
                "marginTop": 20,
              },
            },
            "ref": null,
            "rendered": "Date",
            "type": [Function],
          },
          Object {
            "instance": null,
            "key": undefined,
            "nodeType": "class",
            "props": Object {
              "date": "",
              "mode": "datetime",
              "onDateChange": [Function],
            },
            "ref": null,
            "rendered": null,
            "type": [Function],
          },
          Object {
            "instance": null,
            "key": undefined,
            "nodeType": "class",
            "props": Object {
              "accessible": true,
              "allowFontScaling": true,
              "children": "Fire Watch Requirement",
              "ellipsizeMode": "tail",
              "style": Object {
                "marginTop": 10,
              },
            },
            "ref": null,
            "rendered": "Fire Watch Requirement",
            "type": [Function],
          },
          Object {
            "instance": null,
            "key": undefined,
            "nodeType": "class",
            "props": Object {
              "allowFontScaling": true,
              "autoCorrect": false,
              "onChangeText": [Function],
              "style": Object {
                "borderColor": "black",
                "borderWidth": 1,
                "height": 40,
                "marginBottom": 10,
                "marginTop": 5,
              },
            },
            "ref": null,
            "rendered": null,
            "type": [Function],
          },
          Object {
            "instance": null,
            "key": undefined,
            "nodeType": "class",
            "props": Object {
              "checked": null,
              "checkedImage": Object {
                "testUri": "../../react-native-checkbox/cb_enabled.png",
              },
              "containerStyle": Object {
                "marginTop": 10,
              },
              "label": "Area Inspected",
              "labelBefore": false,
              "labelLines": 1,
              "labelStyle": Object {
                "color": "black",
              },
              "onChange": [Function],
              "uncheckedImage": Object {
                "testUri": "../../react-native-checkbox/cb_disabled.png",
              },
              "underlayColor": "transparent",
            },
            "ref": null,
            "rendered": null,
            "type": [Function],
          },
          Object {
            "instance": null,
            "key": undefined,
            "nodeType": "class",
            "props": Object {
              "checked": null,
              "checkedImage": Object {
                "testUri": "../../react-native-checkbox/cb_enabled.png",
              },
              "containerStyle": Object {
                "marginTop": 10,
              },
              "label": "Fire Extinguisher Present",
              "labelBefore": false,
              "labelLines": 1,
              "labelStyle": Object {
                "color": "black",
              },
              "onChange": [Function],
              "uncheckedImage": Object {
                "testUri": "../../react-native-checkbox/cb_disabled.png",
              },
              "underlayColor": "transparent",
            },
            "ref": null,
            "rendered": null,
            "type": [Function],
          },
          Object {
            "instance": null,
            "key": undefined,
            "nodeType": "class",
            "props": Object {
              "checked": null,
              "checkedImage": Object {
                "testUri": "../../react-native-checkbox/cb_enabled.png",
              },
              "containerStyle": Object {
                "marginTop": 10,
              },
              "label": "All flammables and combustibles removed from the area",
              "labelBefore": false,
              "labelLines": 2,
              "labelStyle": Object {
                "color": "black",
              },
              "onChange": [Function],
              "uncheckedImage": Object {
                "testUri": "../../react-native-checkbox/cb_disabled.png",
              },
              "underlayColor": "transparent",
            },
            "ref": null,
            "rendered": null,
            "type": [Function],
          },
          Object {
            "instance": null,
            "key": undefined,
            "nodeType": "class",
            "props": Object {
              "checked": null,
              "checkedImage": Object {
                "testUri": "../../react-native-checkbox/cb_enabled.png",
              },
              "containerStyle": Object {
                "marginTop": 10,
              },
              "label": "Smoke Detectors in area are disabled",
              "labelBefore": false,
              "labelLines": 1,
              "labelStyle": Object {
                "color": "black",
              },
              "onChange": [Function],
              "uncheckedImage": Object {
                "testUri": "../../react-native-checkbox/cb_disabled.png",
              },
              "underlayColor": "transparent",
            },
            "ref": null,
            "rendered": null,
            "type": [Function],
          },
          Object {
            "instance": null,
            "key": undefined,
            "nodeType": "class",
            "props": Object {
              "checked": null,
              "checkedImage": Object {
                "testUri": "../../react-native-checkbox/cb_enabled.png",
              },
              "containerStyle": Object {
                "marginBottom": 10,
                "marginTop": 10,
              },
              "label": "Sprinkler heads in area are protected",
              "labelBefore": false,
              "labelLines": 1,
              "labelStyle": Object {
                "color": "black",
              },
              "onChange": [Function],
              "uncheckedImage": Object {
                "testUri": "../../react-native-checkbox/cb_disabled.png",
              },
              "underlayColor": "transparent",
            },
            "ref": null,
            "rendered": null,
            "type": [Function],
          },
          Object {
            "instance": null,
            "key": undefined,
            "nodeType": "class",
            "props": Object {
              "accessible": true,
              "allowFontScaling": true,
              "children": "Sign Below",
              "ellipsizeMode": "tail",
              "style": Object {
                "fontSize": 16,
                "marginBottom": 5,
                "marginTop": 15,
                "textAlign": "center",
              },
            },
            "ref": null,
            "rendered": "Sign Below",
            "type": [Function],
          },
          Object {
            "instance": null,
            "key": undefined,
            "nodeType": "class",
            "props": Object {
              "onChange": [Function],
              "onError": [Function],
              "style": Object {
                "backgroundColor": "white",
                "flex": 1,
                "height": 150,
              },
            },
            "ref": null,
            "rendered": null,
            "type": [Function],
          },
          Object {
            "instance": null,
            "key": undefined,
            "nodeType": "class",
            "props": Object {
              "children": undefined,
            },
            "ref": null,
            "rendered": null,
            "type": [Function],
          },
        ],
        "type": [Function],
      },
      "type": [Function],
    },
  ],
  Symbol(enzyme.__options__): Object {
    "adapter": ReactSixteenAdapter {
      "options": Object {
        "enableComponentDidUpdateOnSetState": true,
      },
    },
  },
}
`;
